// Jest Snapshot v1, https://goo.gl/fbAQLP

exports[`matches snapshot 1`] = `
Object {
  "asFragment": [Function],
  "baseElement": <body>
    <div>
      <svg
        class="css-1mn86yq-LoadingSpinner"
        height="150px"
        preserveAspectRatio="xMidYMid"
        viewBox="0 0 100 100"
        width="150px"
      >
        <circle
          cx="27"
          cy="50"
          fill="#0063DB"
          r="23"
        >
          <animate
            attributeName="cx"
            begin="-0.5s"
            dur="1s"
            keyTimes="0;0.5;1"
            repeatCount="indefinite"
            values="27;73;27"
          />
        </circle>
        <circle
          cx="73"
          cy="50"
          fill="#FF0084"
          r="23"
        >
          <animate
            attributeName="cx"
            begin="0s"
            dur="1s"
            keyTimes="0;0.5;1"
            repeatCount="indefinite"
            values="27;73;27"
          />
        </circle>
        <circle
          cx="27"
          cy="50"
          fill="#0063DB"
          r="23"
        >
          <animate
            attributeName="cx"
            begin="-0.5s"
            dur="1s"
            keyTimes="0;0.5;1"
            repeatCount="indefinite"
            values="27;73;27"
          />
          <animate
            attributeName="fill-opacity"
            calcMode="discrete"
            dur="1s"
            keyTimes="0;0.499;0.5;1"
            repeatCount="indefinite"
            values="0;0;1;1"
          />
        </circle>
      </svg>
    </div>
  </body>,
  "container": <div>
    <svg
      class="css-1mn86yq-LoadingSpinner"
      height="150px"
      preserveAspectRatio="xMidYMid"
      viewBox="0 0 100 100"
      width="150px"
    >
      <circle
        cx="27"
        cy="50"
        fill="#0063DB"
        r="23"
      >
        <animate
          attributeName="cx"
          begin="-0.5s"
          dur="1s"
          keyTimes="0;0.5;1"
          repeatCount="indefinite"
          values="27;73;27"
        />
      </circle>
      <circle
        cx="73"
        cy="50"
        fill="#FF0084"
        r="23"
      >
        <animate
          attributeName="cx"
          begin="0s"
          dur="1s"
          keyTimes="0;0.5;1"
          repeatCount="indefinite"
          values="27;73;27"
        />
      </circle>
      <circle
        cx="27"
        cy="50"
        fill="#0063DB"
        r="23"
      >
        <animate
          attributeName="cx"
          begin="-0.5s"
          dur="1s"
          keyTimes="0;0.5;1"
          repeatCount="indefinite"
          values="27;73;27"
        />
        <animate
          attributeName="fill-opacity"
          calcMode="discrete"
          dur="1s"
          keyTimes="0;0.499;0.5;1"
          repeatCount="indefinite"
          values="0;0;1;1"
        />
      </circle>
    </svg>
  </div>,
  "debug": [Function],
  "findAllByAltText": [Function],
  "findAllByDisplayValue": [Function],
  "findAllByLabelText": [Function],
  "findAllByPlaceholderText": [Function],
  "findAllByRole": [Function],
  "findAllByTestId": [Function],
  "findAllByText": [Function],
  "findAllByTitle": [Function],
  "findByAltText": [Function],
  "findByDisplayValue": [Function],
  "findByLabelText": [Function],
  "findByPlaceholderText": [Function],
  "findByRole": [Function],
  "findByTestId": [Function],
  "findByText": [Function],
  "findByTitle": [Function],
  "getAllByAltText": [Function],
  "getAllByDisplayValue": [Function],
  "getAllByLabelText": [Function],
  "getAllByPlaceholderText": [Function],
  "getAllByRole": [Function],
  "getAllByTestId": [Function],
  "getAllByText": [Function],
  "getAllByTitle": [Function],
  "getByAltText": [Function],
  "getByDisplayValue": [Function],
  "getByLabelText": [Function],
  "getByPlaceholderText": [Function],
  "getByRole": [Function],
  "getByTestId": [Function],
  "getByText": [Function],
  "getByTitle": [Function],
  "queryAllByAltText": [Function],
  "queryAllByDisplayValue": [Function],
  "queryAllByLabelText": [Function],
  "queryAllByPlaceholderText": [Function],
  "queryAllByRole": [Function],
  "queryAllByTestId": [Function],
  "queryAllByText": [Function],
  "queryAllByTitle": [Function],
  "queryByAltText": [Function],
  "queryByDisplayValue": [Function],
  "queryByLabelText": [Function],
  "queryByPlaceholderText": [Function],
  "queryByRole": [Function],
  "queryByTestId": [Function],
  "queryByText": [Function],
  "queryByTitle": [Function],
  "rerender": [Function],
  "unmount": [Function],
}
`;
