// Jest Snapshot v1, https://goo.gl/fbAQLP

exports[`MasonryLayout renders correctly 1`] = `
Object {
  "asFragment": [Function],
  "baseElement": <body>
    <div>
      <div
        class="css-1a8sdri"
      >
        <div
          class="css-jnid37"
          data-testid="MasonryLayout-Column-0"
          width="300"
        >
          <div>
            Test
          </div>
          <div
            class="css-6gf715-VSpacer"
          />
          <div>
            Test
          </div>
          <div
            class="css-6gf715-VSpacer"
          />
          <div>
            Test
          </div>
          <div
            class="css-6gf715-VSpacer"
          />
        </div>
        <div
          class="css-jnid37"
          data-testid="MasonryLayout-Column-1"
          width="300"
        >
          <div>
            Test
          </div>
          <div
            class="css-6gf715-VSpacer"
          />
          <div>
            Test
          </div>
          <div
            class="css-6gf715-VSpacer"
          />
          <div>
            Test
          </div>
          <div
            class="css-6gf715-VSpacer"
          />
        </div>
        <div
          class="css-jnid37"
          data-testid="MasonryLayout-Column-2"
          width="300"
        >
          <div>
            Test
          </div>
          <div
            class="css-6gf715-VSpacer"
          />
          <div>
            Test
          </div>
          <div
            class="css-6gf715-VSpacer"
          />
          <div>
            Test
          </div>
          <div
            class="css-6gf715-VSpacer"
          />
        </div>
        <div
          class="css-jnid37"
          data-testid="MasonryLayout-Column-3"
          width="300"
        >
          <div>
            Test
          </div>
          <div
            class="css-6gf715-VSpacer"
          />
          <div>
            Test
          </div>
          <div
            class="css-6gf715-VSpacer"
          />
          <div>
            Test
          </div>
          <div
            class="css-6gf715-VSpacer"
          />
        </div>
      </div>
    </div>
  </body>,
  "container": <div>
    <div
      class="css-1a8sdri"
    >
      <div
        class="css-jnid37"
        data-testid="MasonryLayout-Column-0"
        width="300"
      >
        <div>
          Test
        </div>
        <div
          class="css-6gf715-VSpacer"
        />
        <div>
          Test
        </div>
        <div
          class="css-6gf715-VSpacer"
        />
        <div>
          Test
        </div>
        <div
          class="css-6gf715-VSpacer"
        />
      </div>
      <div
        class="css-jnid37"
        data-testid="MasonryLayout-Column-1"
        width="300"
      >
        <div>
          Test
        </div>
        <div
          class="css-6gf715-VSpacer"
        />
        <div>
          Test
        </div>
        <div
          class="css-6gf715-VSpacer"
        />
        <div>
          Test
        </div>
        <div
          class="css-6gf715-VSpacer"
        />
      </div>
      <div
        class="css-jnid37"
        data-testid="MasonryLayout-Column-2"
        width="300"
      >
        <div>
          Test
        </div>
        <div
          class="css-6gf715-VSpacer"
        />
        <div>
          Test
        </div>
        <div
          class="css-6gf715-VSpacer"
        />
        <div>
          Test
        </div>
        <div
          class="css-6gf715-VSpacer"
        />
      </div>
      <div
        class="css-jnid37"
        data-testid="MasonryLayout-Column-3"
        width="300"
      >
        <div>
          Test
        </div>
        <div
          class="css-6gf715-VSpacer"
        />
        <div>
          Test
        </div>
        <div
          class="css-6gf715-VSpacer"
        />
        <div>
          Test
        </div>
        <div
          class="css-6gf715-VSpacer"
        />
      </div>
    </div>
  </div>,
  "debug": [Function],
  "findAllByAltText": [Function],
  "findAllByDisplayValue": [Function],
  "findAllByLabelText": [Function],
  "findAllByPlaceholderText": [Function],
  "findAllByRole": [Function],
  "findAllByTestId": [Function],
  "findAllByText": [Function],
  "findAllByTitle": [Function],
  "findByAltText": [Function],
  "findByDisplayValue": [Function],
  "findByLabelText": [Function],
  "findByPlaceholderText": [Function],
  "findByRole": [Function],
  "findByTestId": [Function],
  "findByText": [Function],
  "findByTitle": [Function],
  "getAllByAltText": [Function],
  "getAllByDisplayValue": [Function],
  "getAllByLabelText": [Function],
  "getAllByPlaceholderText": [Function],
  "getAllByRole": [Function],
  "getAllByTestId": [Function],
  "getAllByText": [Function],
  "getAllByTitle": [Function],
  "getByAltText": [Function],
  "getByDisplayValue": [Function],
  "getByLabelText": [Function],
  "getByPlaceholderText": [Function],
  "getByRole": [Function],
  "getByTestId": [Function],
  "getByText": [Function],
  "getByTitle": [Function],
  "queryAllByAltText": [Function],
  "queryAllByDisplayValue": [Function],
  "queryAllByLabelText": [Function],
  "queryAllByPlaceholderText": [Function],
  "queryAllByRole": [Function],
  "queryAllByTestId": [Function],
  "queryAllByText": [Function],
  "queryAllByTitle": [Function],
  "queryByAltText": [Function],
  "queryByDisplayValue": [Function],
  "queryByLabelText": [Function],
  "queryByPlaceholderText": [Function],
  "queryByRole": [Function],
  "queryByTestId": [Function],
  "queryByText": [Function],
  "queryByTitle": [Function],
  "rerender": [Function],
  "unmount": [Function],
}
`;
